V3 18
FL /home/hendri/Documents/workspaceXilinx/counter/counter.vhd 2012/11/26.16:56:29 P.40xd
FL /home/hendri/Documents/workspaceXilinx/counterinv/counter.vhd 2012/11/28.09:50:38 P.40xd
FL /home/hendri/Documents/workspaceXilinx/counterinv/countersys.vhd 2012/11/28.08:21:54 P.40xd
EN work/countersys 1354065879 \
      FL /home/hendri/Documents/workspaceXilinx/counterinv/countersys.vhd \
      PB ieee/std_logic_1164 1350103243
AR work/countersys/Behavioral 1354065880 \
      FL /home/hendri/Documents/workspaceXilinx/counterinv/countersys.vhd \
      EN work/countersys 1354065879 CP counter CP inverter
FL /home/hendri/Documents/workspaceXilinx/counterinv/inverter.vhd 2012/11/28.09:27:40 P.40xd
FL /home/hendri/Documents/workspaceXilinx/counterinv/top.vhd 2012/11/28.09:49:53 P.40xd
FL /home/hendri/Documents/workspaceXilinx/counterinv2/counter.vhd 2012/11/28.12:03:44 P.40xd
EN work/counter 1359103082 \
      FL /home/hendri/Documents/workspaceXilinx/counterinv2/counter.vhd \
      PB ieee/std_logic_1164 1350103243 PB ieee/STD_LOGIC_UNSIGNED 1350103247
AR work/counter/Behavioral 1359103083 \
      FL /home/hendri/Documents/workspaceXilinx/counterinv2/counter.vhd \
      EN work/counter 1359103082
FL /home/hendri/Documents/workspaceXilinx/counterinv2/inverter.vhd 2012/11/28.09:27:40 P.40xd
EN work/inverter 1359103084 \
      FL /home/hendri/Documents/workspaceXilinx/counterinv2/inverter.vhd \
      PB ieee/std_logic_1164 1350103243 PB ieee/STD_LOGIC_UNSIGNED 1350103247
AR work/inverter/Behavioral 1359103085 \
      FL /home/hendri/Documents/workspaceXilinx/counterinv2/inverter.vhd \
      EN work/inverter 1359103084
FL /home/hendri/Documents/workspaceXilinx/counterinv2/top.vhd 2012/11/28.09:49:53 P.40xd
EN work/top 1359103086 \
      FL /home/hendri/Documents/workspaceXilinx/counterinv2/top.vhd \
      PB ieee/std_logic_1164 1350103243
AR work/top/Behavioral 1359103087 \
      FL /home/hendri/Documents/workspaceXilinx/counterinv2/top.vhd EN work/top 1359103086 \
      CP counter CP inverter
