V3 6
FL /home/hendri/Documents/workspaceXilinx/P6-keypad/keypad.vhd 2013/02/03.16:36:52 P.49d
EN work/keypad 1359884481 \
      FL /home/hendri/Documents/workspaceXilinx/P6-keypad/keypad.vhd LB UNISIM \
      PB ieee/std_logic_1164 1354696159 PH unisim/VCOMPONENTS 1354696165
AR work/keypad/Behavioral 1359884482 \
      FL /home/hendri/Documents/workspaceXilinx/P6-keypad/keypad.vhd \
      EN work/keypad 1359884481 CP BUFG
FL /home/hendri/Documents/workspaceXilinx/P6-keypad/sevenSegment.vhd 2013/02/03.03:30:09 P.49d
