V3 3
FL /home/hendri/Documents/workspaceXilinx/keyboard_ps2/keyboard.vhd 2013/02/27.16:03:24 P.49d
EN work/keyboard 1361956527 \
      FL /home/hendri/Documents/workspaceXilinx/keyboard_ps2/keyboard.vhd \
      PB ieee/std_logic_1164 1354696159 PB ieee/NUMERIC_STD 1354696164
AR work/keyboard/Behavioral 1361956528 \
      FL /home/hendri/Documents/workspaceXilinx/keyboard_ps2/keyboard.vhd \
      EN work/keyboard 1361956527
