V3 3
FL /home/hendri/Documents/workspaceXilinx/simpleGate/SimpleGate.vhd 2013/11/06.09:21:04 P.20131013
EN work/SimpleGate 1383704681 \
      FL /home/hendri/Documents/workspaceXilinx/simpleGate/SimpleGate.vhd \
      PB ieee/std_logic_1164 1381692176
AR work/SimpleGate/Behavioral 1383704682 \
      FL /home/hendri/Documents/workspaceXilinx/simpleGate/SimpleGate.vhd \
      EN work/SimpleGate 1383704681
