Release 14.3 - xst P.40xd (lin)
Copyright (c) 1995-2012 Xilinx, Inc.  All rights reserved.
--> 
Parameter TMPDIR set to xst/projnav.tmp


Total REAL time to Xst completion: 0.00 secs
Total CPU time to Xst completion: 0.04 secs
 
--> 
Parameter xsthdpdir set to xst


Total REAL time to Xst completion: 0.00 secs
Total CPU time to Xst completion: 0.05 secs
 
--> 
Reading design: counter.prj

TABLE OF CONTENTS
  1) Synthesis Options Summary
  2) HDL Compilation
  3) Design Hierarchy Analysis
  4) HDL Analysis
  5) HDL Synthesis
     5.1) HDL Synthesis Report
  6) Advanced HDL Synthesis
     6.1) Advanced HDL Synthesis Report
  7) Low Level Synthesis
  8) Partition Report
  9) Final Report
	9.1) Device utilization summary
	9.2) Partition Resource Summary
	9.3) TIMING REPORT


=========================================================================
*                      Synthesis Options Summary                        *
=========================================================================
---- Source Parameters
Input File Name                    : "counter.prj"
Input Format                       : mixed
Ignore Synthesis Constraint File   : NO

---- Target Parameters
Output File Name                   : "counter"
Output Format                      : NGC
Target Device                      : xc3s50a-4-vq100

---- Source Options
Top Module Name                    : counter
Automatic FSM Extraction           : YES
FSM Encoding Algorithm             : Auto
Safe Implementation                : No
FSM Style                          : LUT
RAM Extraction                     : Yes
RAM Style                          : Auto
ROM Extraction                     : Yes
Mux Style                          : Auto
Decoder Extraction                 : YES
Priority Encoder Extraction        : Yes
Shift Register Extraction          : YES
Logical Shifter Extraction         : YES
XOR Collapsing                     : YES
ROM Style                          : Auto
Mux Extraction                     : Yes
Resource Sharing                   : YES
Asynchronous To Synchronous        : NO
Multiplier Style                   : Auto
Automatic Register Balancing       : No

---- Target Options
Add IO Buffers                     : YES
Global Maximum Fanout              : 100000
Add Generic Clock Buffer(BUFG)     : 24
Register Duplication               : YES
Slice Packing                      : YES
Optimize Instantiated Primitives   : NO
Use Clock Enable                   : Yes
Use Synchronous Set                : Yes
Use Synchronous Reset              : Yes
Pack IO Registers into IOBs        : Auto
Equivalent register Removal        : YES

---- General Options
Optimization Goal                  : Speed
Optimization Effort                : 1
Keep Hierarchy                     : No
Netlist Hierarchy                  : As_Optimized
RTL Output                         : Yes
Global Optimization                : AllClockNets
Read Cores                         : YES
Write Timing Constraints           : NO
Cross Clock Analysis               : NO
Hierarchy Separator                : /
Bus Delimiter                      : <>
Case Specifier                     : Maintain
Slice Utilization Ratio            : 100
BRAM Utilization Ratio             : 100
Verilog 2001                       : YES
Auto BRAM Packing                  : NO
Slice Utilization Ratio Delta      : 5

=========================================================================


=========================================================================
*                          HDL Compilation                              *
=========================================================================
Compiling vhdl file "/home/hendri/Documents/workspaceXilinx/countersegment/counter.vhd" in Library work.
Entity <counter> compiled.
Entity <counter> (Architecture <behavioral>) compiled.

=========================================================================
*                     Design Hierarchy Analysis                         *
=========================================================================
Analyzing hierarchy for entity <counter> in library <work> (architecture <behavioral>).


=========================================================================
*                            HDL Analysis                               *
=========================================================================
Analyzing Entity <counter> in library <work> (Architecture <behavioral>).
Entity <counter> analyzed. Unit <counter> generated.


=========================================================================
*                           HDL Synthesis                               *
=========================================================================

Performing bidirectional port resolution...

Synthesizing Unit <counter>.
    Related source file is "/home/hendri/Documents/workspaceXilinx/countersegment/counter.vhd".
    Found 4-bit up counter for signal <clk_r>.
    Found 5-bit comparator less for signal <clk_r$cmp_lt0000> created at line 52.
    Found 23-bit up counter for signal <psc>.
    Found 23-bit comparator lessequal for signal <psc$cmp_le0000> created at line 47.
    Found 1-bit register for signal <tick>.
    Summary:
	inferred   2 Counter(s).
	inferred   1 D-type flip-flop(s).
	inferred   2 Comparator(s).
Unit <counter> synthesized.


=========================================================================
HDL Synthesis Report

Macro Statistics
# Counters                                             : 2
 23-bit up counter                                     : 1
 4-bit up counter                                      : 1
# Registers                                            : 1
 1-bit register                                        : 1
# Comparators                                          : 2
 23-bit comparator lessequal                           : 1
 5-bit comparator less                                 : 1

=========================================================================

=========================================================================
*                       Advanced HDL Synthesis                          *
=========================================================================


=========================================================================
Advanced HDL Synthesis Report

Macro Statistics
# Counters                                             : 2
 23-bit up counter                                     : 1
 4-bit up counter                                      : 1
# Registers                                            : 1
 Flip-Flops                                            : 1
# Comparators                                          : 2
 23-bit comparator lessequal                           : 1
 5-bit comparator less                                 : 1

=========================================================================

=========================================================================
*                         Low Level Synthesis                           *
=========================================================================

Optimizing unit <counter> ...

Mapping all equations...
Building and optimizing final netlist ...
Found area constraint ratio of 100 (+ 5) on block counter, actual ratio is 2.

Final Macro Processing ...

=========================================================================
Final Register Report

Macro Statistics
# Registers                                            : 28
 Flip-Flops                                            : 28

=========================================================================

=========================================================================
*                           Partition Report                            *
=========================================================================

Partition Implementation Status
-------------------------------

  No Partitions were found in this design.

-------------------------------

=========================================================================
*                            Final Report                               *
=========================================================================
Final Results
RTL Top Level Output File Name     : counter.ngr
Top Level Output File Name         : counter
Output Format                      : NGC
Optimization Goal                  : Speed
Keep Hierarchy                     : No

Design Statistics
# IOs                              : 6

Cell Usage :
# BELS                             : 77
#      GND                         : 1
#      INV                         : 3
#      LUT1                        : 22
#      LUT2                        : 1
#      LUT2_L                      : 1
#      LUT3                        : 1
#      LUT4                        : 2
#      MUXCY                       : 22
#      VCC                         : 1
#      XORCY                       : 23
# FlipFlops/Latches                : 28
#      FDE                         : 1
#      FDR                         : 23
#      FDRE                        : 4
# Clock Buffers                    : 1
#      BUFGP                       : 1
# IO Buffers                       : 5
#      OBUF                        : 5
=========================================================================

Device utilization summary:
---------------------------

Selected Device : 3s50avq100-4 

 Number of Slices:                       16  out of    704     2%  
 Number of Slice Flip Flops:             28  out of   1408     1%  
 Number of 4 input LUTs:                 30  out of   1408     2%  
 Number of IOs:                           6
 Number of bonded IOBs:                   6  out of     68     8%  
 Number of GCLKs:                         1  out of     24     4%  

---------------------------
Partition Resource Summary:
---------------------------

  No Partitions were found in this design.

---------------------------


=========================================================================
TIMING REPORT

NOTE: THESE TIMING NUMBERS ARE ONLY A SYNTHESIS ESTIMATE.
      FOR ACCURATE TIMING INFORMATION PLEASE REFER TO THE TRACE REPORT
      GENERATED AFTER PLACE-and-ROUTE.

Clock Information:
------------------
-----------------------------------+------------------------+-------+
Clock Signal                       | Clock buffer(FF name)  | Load  |
-----------------------------------+------------------------+-------+
clk_i                              | BUFGP                  | 28    |
-----------------------------------+------------------------+-------+

Asynchronous Control Signals Information:
----------------------------------------
No asynchronous control signals found in this design

Timing Summary:
---------------
Speed Grade: -4

   Minimum period: 4.830ns (Maximum Frequency: 207.039MHz)
   Minimum input arrival time before clock: No path found
   Maximum output required time after clock: 5.780ns
   Maximum combinational path delay: No path found

Timing Detail:
--------------
All values displayed in nanoseconds (ns)

=========================================================================
Timing constraint: Default period analysis for Clock 'clk_i'
  Clock period: 4.830ns (frequency: 207.039MHz)
  Total number of paths / destination ports: 335 / 60
-------------------------------------------------------------------------
Delay:               4.830ns (Levels of Logic = 23)
  Source:            psc_1 (FF)
  Destination:       psc_22 (FF)
  Source Clock:      clk_i rising
  Destination Clock: clk_i rising

  Data Path: psc_1 to psc_22
                                Gate     Net
    Cell:in->out      fanout   Delay   Delay  Logical Name (Net Name)
    ----------------------------------------  ------------
     FDR:C->Q              1   0.591   0.563  psc_1 (psc_1)
     LUT1:I0->O            1   0.648   0.000  Mcount_psc_cy<1>_rt (Mcount_psc_cy<1>_rt)
     MUXCY:S->O            1   0.632   0.000  Mcount_psc_cy<1> (Mcount_psc_cy<1>)
     MUXCY:CI->O           1   0.065   0.000  Mcount_psc_cy<2> (Mcount_psc_cy<2>)
     MUXCY:CI->O           1   0.065   0.000  Mcount_psc_cy<3> (Mcount_psc_cy<3>)
     MUXCY:CI->O           1   0.065   0.000  Mcount_psc_cy<4> (Mcount_psc_cy<4>)
     MUXCY:CI->O           1   0.065   0.000  Mcount_psc_cy<5> (Mcount_psc_cy<5>)
     MUXCY:CI->O           1   0.065   0.000  Mcount_psc_cy<6> (Mcount_psc_cy<6>)
     MUXCY:CI->O           1   0.065   0.000  Mcount_psc_cy<7> (Mcount_psc_cy<7>)
     MUXCY:CI->O           1   0.065   0.000  Mcount_psc_cy<8> (Mcount_psc_cy<8>)
     MUXCY:CI->O           1   0.065   0.000  Mcount_psc_cy<9> (Mcount_psc_cy<9>)
     MUXCY:CI->O           1   0.065   0.000  Mcount_psc_cy<10> (Mcount_psc_cy<10>)
     MUXCY:CI->O           1   0.065   0.000  Mcount_psc_cy<11> (Mcount_psc_cy<11>)
     MUXCY:CI->O           1   0.065   0.000  Mcount_psc_cy<12> (Mcount_psc_cy<12>)
     MUXCY:CI->O           1   0.065   0.000  Mcount_psc_cy<13> (Mcount_psc_cy<13>)
     MUXCY:CI->O           1   0.065   0.000  Mcount_psc_cy<14> (Mcount_psc_cy<14>)
     MUXCY:CI->O           1   0.065   0.000  Mcount_psc_cy<15> (Mcount_psc_cy<15>)
     MUXCY:CI->O           1   0.065   0.000  Mcount_psc_cy<16> (Mcount_psc_cy<16>)
     MUXCY:CI->O           1   0.065   0.000  Mcount_psc_cy<17> (Mcount_psc_cy<17>)
     MUXCY:CI->O           1   0.065   0.000  Mcount_psc_cy<18> (Mcount_psc_cy<18>)
     MUXCY:CI->O           1   0.065   0.000  Mcount_psc_cy<19> (Mcount_psc_cy<19>)
     MUXCY:CI->O           1   0.065   0.000  Mcount_psc_cy<20> (Mcount_psc_cy<20>)
     MUXCY:CI->O           0   0.065   0.000  Mcount_psc_cy<21> (Mcount_psc_cy<21>)
     XORCY:CI->O           1   0.844   0.000  Mcount_psc_xor<22> (Result<22>)
     FDR:D                     0.252          psc_22
    ----------------------------------------
    Total                      4.830ns (4.267ns logic, 0.563ns route)
                                       (88.3% logic, 11.7% route)

=========================================================================
Timing constraint: Default OFFSET OUT AFTER for Clock 'clk_i'
  Total number of paths / destination ports: 5 / 5
-------------------------------------------------------------------------
Offset:              5.780ns (Levels of Logic = 1)
  Source:            clk_r_0 (FF)
  Destination:       counter_o<0> (PAD)
  Source Clock:      clk_i rising

  Data Path: clk_r_0 to counter_o<0>
                                Gate     Net
    Cell:in->out      fanout   Delay   Delay  Logical Name (Net Name)
    ----------------------------------------  ------------
     FDRE:C->Q             6   0.591   0.669  clk_r_0 (clk_r_0)
     OBUF:I->O                 4.520          counter_o_0_OBUF (counter_o<0>)
    ----------------------------------------
    Total                      5.780ns (5.111ns logic, 0.669ns route)
                                       (88.4% logic, 11.6% route)

=========================================================================


Total REAL time to Xst completion: 3.00 secs
Total CPU time to Xst completion: 3.00 secs
 
--> 


Total memory usage is 166772 kilobytes

Number of errors   :    0 (   0 filtered)
Number of warnings :    0 (   0 filtered)
Number of infos    :    0 (   0 filtered)

