V3 17
FL /home/hendri/Documents/workspaceXilinx/countersegment/counter.vhd 2012/12/02.12:53:34 P.40xd
FL /home/hendri/Documents/workspaceXilinx/countersegment/decoder.vhd 2012/11/30.02:41:57 P.40xd
FL /home/hendri/Documents/workspaceXilinx/countersegment/systemSeg.vhd 2012/11/28.17:59:33 P.40xd
FL /home/hendri/Documents/workspaceXilinx/P3-SegmentCNT/counter.vhd 2012/12/02.12:53:34 P.40xd
EN work/counter 1359118543 \
      FL /home/hendri/Documents/workspaceXilinx/P3-SegmentCNT/counter.vhd \
      PB ieee/std_logic_1164 1350103243 PB ieee/STD_LOGIC_UNSIGNED 1350103247
AR work/counter/Behavioral 1359118544 \
      FL /home/hendri/Documents/workspaceXilinx/P3-SegmentCNT/counter.vhd \
      EN work/counter 1359118543
FL /home/hendri/Documents/workspaceXilinx/P3-SegmentCNT/decoder.vhd 2012/11/30.02:41:57 P.40xd
EN work/decoder 1359118545 \
      FL /home/hendri/Documents/workspaceXilinx/P3-SegmentCNT/decoder.vhd \
      PB ieee/std_logic_1164 1350103243
AR work/decoder/Behavioral 1359118546 \
      FL /home/hendri/Documents/workspaceXilinx/P3-SegmentCNT/decoder.vhd \
      EN work/decoder 1359118545
FL /home/hendri/Documents/workspaceXilinx/P3-SegmentCNT/systemSeg.vhd 2012/11/28.17:59:33 P.40xd
EN work/systemSeg 1359118547 \
      FL /home/hendri/Documents/workspaceXilinx/P3-SegmentCNT/systemSeg.vhd \
      PB ieee/std_logic_1164 1350103243
AR work/systemSeg/Behavioral 1359118548 \
      FL /home/hendri/Documents/workspaceXilinx/P3-SegmentCNT/systemSeg.vhd \
      EN work/systemSeg 1359118547 CP counter CP decoder
FL /home/hendri/Documents/workspaceXilinx/PBcounterV1/counter.vhd 2012/12/02.12:53:34 P.40xd
FL /home/hendri/Documents/workspaceXilinx/PBcounterV1/decoder.vhd 2012/11/30.02:41:57 P.40xd
FL /home/hendri/Documents/workspaceXilinx/PBcounterV1/systemSeg.vhd 2012/11/28.17:59:33 P.40xd
