V3 3
FL /home/hendri/Documents/workspaceXilinx/delsaja/test.vhd 2013/01/31.07:27:02 P.49d
EN work/reg 1359592042 FL /home/hendri/Documents/workspaceXilinx/delsaja/test.vhd \
      PB ieee/std_logic_1164 1354696159 PB ieee/STD_LOGIC_UNSIGNED 1354696162
AR work/reg/behv 1359592043 \
      FL /home/hendri/Documents/workspaceXilinx/delsaja/test.vhd EN work/reg 1359592042
