V3 3
FL /home/hendri/Documents/workspaceXilinx/basys2IO2/basysio.vhd 2013/02/02.14:46:56 P.49d
EN work/blinker 1359791256 \
      FL /home/hendri/Documents/workspaceXilinx/basys2IO2/basysio.vhd \
      PB ieee/std_logic_1164 1354696159 PB ieee/STD_LOGIC_UNSIGNED 1354696162
AR work/blinker/Behavioral 1359791257 \
      FL /home/hendri/Documents/workspaceXilinx/basys2IO2/basysio.vhd \
      EN work/blinker 1359791256
