V3 6
FL /home/hendri/Documents/workspaceXilinx/LCDTest/LCDTest.vhd 2013/01/07.07:02:13 P.40xd
FL /home/hendri/Documents/workspaceXilinx/LCDTestV0/LCDTest.vhd 2013/01/08.11:32:41 P.40xd
EN work/LCDTest 1357620122 \
      FL /home/hendri/Documents/workspaceXilinx/LCDTestV0/LCDTest.vhd \
      PB ieee/std_logic_1164 1350103243 PB ieee/STD_LOGIC_UNSIGNED 1350103247 \
      LB UNISIM PH unisim/VCOMPONENTS 1350103252
AR work/LCDTest/Behavioral 1357620123 \
      FL /home/hendri/Documents/workspaceXilinx/LCDTestV0/LCDTest.vhd \
      EN work/LCDTest 1357620122 CP BUFG
