V3 6
FL /home/hendri/Documents/workspaceXilinx/cobaLCD/ROM.vhd 2013/01/27.22:34:02 P.49d
EN work/ROM 1359544253 FL /home/hendri/Documents/workspaceXilinx/cobaLCD/ROM.vhd \
      PB ieee/std_logic_1164 1354696159 PB ieee/STD_LOGIC_UNSIGNED 1350103247 \
      LB UNISIM PH unisim/VCOMPONENTS 1350103252
AR work/ROM/Behavioral 1359544254 \
      FL /home/hendri/Documents/workspaceXilinx/cobaLCD/ROM.vhd EN work/ROM 1359544253 \
      CP BUFG
FL /home/hendri/Documents/workspaceXilinx/LCDROM/ROM.vhd 2013/01/27.22:34:02 P.49d
