V3 6
FL /home/hendri/Documents/workspaceXilinx/LCDTest/LCDTest.vhd 2013/01/07.21:53:52 P.40xd
FL /home/hendri/Documents/workspaceXilinx/LCDTestV1/LCDTest.vhd 2013/01/18.17:39:53 P.40xd
EN work/LCDTest 1358505618 \
      FL /home/hendri/Documents/workspaceXilinx/LCDTestV1/LCDTest.vhd \
      PB ieee/std_logic_1164 1350103243 PB ieee/STD_LOGIC_UNSIGNED 1350103247 \
      LB UNISIM PH unisim/VCOMPONENTS 1350103252
AR work/LCDTest/Behavioral 1358505619 \
      FL /home/hendri/Documents/workspaceXilinx/LCDTestV1/LCDTest.vhd \
      EN work/LCDTest 1358505618 CP BUFG
